// Jest Snapshot v1, https://goo.gl/fbAQLP

exports[`Settings renders with strange characters in display name 1`] = `
<div>
  <div
    class="Drawer-z49atx-0 bLrPDw"
    id="db-settings"
  >
    <h4
      class="Drawer__DrawerHeader-z49atx-1 iHKREJ"
    >
      Browser Settings
    </h4>
    <div
      class="Drawer__DrawerBody-z49atx-6 bMGBdH"
    >
      <div
        class="Drawer__DrawerSection-z49atx-4 soBJE"
      >
        <div
          class="Drawer__DrawerSectionBody-z49atx-5 URTys"
        >
          <h5
            class="Drawer__DrawerSubHeader-z49atx-3 dDZtjD"
          >
            Test åäö settings
          </h5>
          <div
            class="styled__StyledSetting-sc-9zxths-0 eVmkmR"
          >
            <div
              class="styled__StyledSettingLabel-sc-9zxths-1 eKVztk"
              title=""
            >
              åäö üüü
            </div>
            <input
              class="styled__StyledSettingTextInput-sc-9zxths-2 hFmosD testSetting"
              title=""
              value="true"
            />
          </div>
        </div>
        <div
          class="Drawer__DrawerSectionBody-z49atx-5 URTys"
        />
      </div>
    </div>
  </div>
</div>
`;
